// Jest Snapshot v1, https://goo.gl/fbAQLP

exports[`addChild adds new child to parent with children 1`] = `
Object {
  "childrenDumbArrayParent": Array [],
  "childrenDumbEntity": Array [
    Object {
      "idx": 0,
    },
    Object {
      "idx": 1,
    },
    Object {
      "idx": 2,
    },
    Object {
      "idx": 3,
    },
  ],
  "childrenDumbMapParent": Array [],
  "idx": 0,
}
`;
