// Jest Snapshot v1, https://goo.gl/fbAQLP

exports[`#getChildren couple of children 1`] = `
[
  {
    "idx": 0,
  },
  {
    "idx": 1,
  },
  {
    "idx": 2,
  },
  {
    "idx": 3,
  },
  {
    "idx": 4,
  },
]
`;

exports[`#getChildren empty parent 1`] = `[]`;

exports[`#moveChildTo doesn't move anything (item3 to same position) 1`] = `
[
  1,
  2,
  3,
  4,
  5,
]
`;

exports[`#moveChildTo handles too high 'to' number, treats as max value 1`] = `
[
  1,
  2,
  4,
  5,
  3,
]
`;

exports[`#moveChildTo moves item3 down 1 position 1`] = `
[
  1,
  3,
  2,
  4,
  5,
]
`;

exports[`#moveChildTo moves item3 to bottom 1`] = `
[
  3,
  1,
  2,
  4,
  5,
]
`;

exports[`#moveChildTo moves item3 to top 1`] = `
[
  1,
  2,
  4,
  5,
  3,
]
`;

exports[`#moveChildTo moves item3 up 1 position 1`] = `
[
  1,
  2,
  4,
  3,
  5,
]
`;

exports[`#removeChild finds proper child 1`] = `
[
  1,
  3,
]
`;
