// Jest Snapshot v1, https://goo.gl/fbAQLP

exports[`setParent adds new child to parent with children 1`] = `
Object {
  "angle": 0,
  "childrenConstructedEntity": ArraySchema [
    Object {
      "angle": 0,
      "height": undefined,
      "idx": 0,
      "name": "Dummie",
      "type": "dumb",
      "width": undefined,
      "x": 0,
      "y": 0,
    },
    Object {
      "angle": 0,
      "height": undefined,
      "idx": 1,
      "name": "Dummie",
      "type": "dumb",
      "width": undefined,
      "x": 0,
      "y": 0,
    },
    Object {
      "angle": 0,
      "height": undefined,
      "idx": 2,
      "name": "Dummie",
      "type": "dumb",
      "width": undefined,
      "x": 0,
      "y": 0,
    },
    Object {
      "angle": 0,
      "height": undefined,
      "idx": 3,
      "name": "Dummie",
      "type": "dumb",
      "width": undefined,
      "x": 0,
      "y": 0,
    },
  ],
  "childrenConstructedParent": ArraySchema [],
  "childrenDumbEntity": ArraySchema [],
  "childrenDumbParent": ArraySchema [],
  "height": undefined,
  "idx": 0,
  "name": "Constructed",
  "ownerID": undefined,
  "type": "parent",
  "width": undefined,
  "x": 0,
  "y": 0,
}
`;
