// Jest Snapshot v1, https://goo.gl/fbAQLP

exports[`standardDeckFactory respects arrays 1`] = `
Array [
  Object {
    "rank": "2",
    "suit": "H",
  },
  Object {
    "rank": "3",
    "suit": "H",
  },
  Object {
    "rank": "2",
    "suit": "C",
  },
  Object {
    "rank": "3",
    "suit": "C",
  },
]
`;

exports[`standardDeckFactory respects sets 1`] = `
Array [
  Object {
    "rank": "2",
    "suit": "H",
  },
  Object {
    "rank": "3",
    "suit": "H",
  },
  Object {
    "rank": "2",
    "suit": "C",
  },
  Object {
    "rank": "3",
    "suit": "C",
  },
]
`;
