// Jest Snapshot v1, https://goo.gl/fbAQLP

exports[`constructor sets up defaults 1`] = `
{
  "angle": 0,
  "faceUp": false,
  "idx": 0,
  "name": "HA",
  "ownersMainFocus": false,
  "rank": "A",
  "suit": "H",
  "type": "classicCard",
  "x": 0,
  "y": 0,
}
`;
