// Jest Snapshot v1, https://goo.gl/fbAQLP

exports[`standardDeckFactory respects arrays 1`] = `
[
  {
    "rank": "2",
    "suit": "H",
  },
  {
    "rank": "3",
    "suit": "H",
  },
  {
    "rank": "2",
    "suit": "C",
  },
  {
    "rank": "3",
    "suit": "C",
  },
]
`;
